[    0.000000] Initializing cgroup subsys cpuset
[    0.000000] Initializing cgroup subsys cpu
[    0.000000] Initializing cgroup subsys cpuacct
[    0.000000] Linux version 4.4.0-92-generic (buildd@lcy01-17) (gcc version 5.4.0 20160609 (Ubuntu 5.4.0-6ubuntu1~16.04.4) ) #115-Ubuntu SMP Thu Aug 10 09:04:33 UTC 2017 (Ubuntu 4.4.0-92.115-generic 4.4.76)
[    0.000000] Command line: BOOT_IMAGE=/boot/vmlinuz-4.4.0-92-generic root=LABEL=cloudimg-rootfs ro console=tty1 console=ttyS0
[    0.000000] KERNEL supported cpus:
[    0.000000]   Intel GenuineIntel
[    0.000000]   AMD AuthenticAMD
[    0.000000]   Centaur CentaurHauls
[    0.000000] x86/fpu: xstate_offset[2]:  576, xstate_sizes[2]:  256
[    0.000000] x86/fpu: Supporting XSAVE feature 0x01: 'x87 floating point registers'
[    0.000000] x86/fpu: Supporting XSAVE feature 0x02: 'SSE registers'
[    0.000000] x86/fpu: Supporting XSAVE feature 0x04: 'AVX registers'
[    0.000000] x86/fpu: Enabled xstate features 0x7, context size is 832 bytes, using 'standard' format.
[    0.000000] x86/fpu: Using 'lazy' FPU context switches.
[    0.000000] e820: BIOS-provided physical RAM map:
[    0.000000] BIOS-e820: [mem 0x0000000000000000-0x000000000009fbff] usable
[    0.000000] BIOS-e820: [mem 0x000000000009fc00-0x000000000009ffff] reserved
[    0.000000] BIOS-e820: [mem 0x00000000000f0000-0x00000000000fffff] reserved
[    0.000000] BIOS-e820: [mem 0x0000000000100000-0x000000003ffeffff] usable
[    0.000000] BIOS-e820: [mem 0x000000003fff0000-0x000000003fffffff] ACPI data
[    0.000000] BIOS-e820: [mem 0x00000000fec00000-0x00000000fec00fff] reserved
[    0.000000] BIOS-e820: [mem 0x00000000fee00000-0x00000000fee00fff] reserved
[    0.000000] BIOS-e820: [mem 0x00000000fffc0000-0x00000000ffffffff] reserved
[    0.000000] NX (Execute Disable) protection: active
[    0.000000] SMBIOS 2.5 present.
[    0.000000] Hypervisor detected: KVM
[    0.000000] e820: last_pfn = 0x3fff0 max_arch_pfn = 0x400000000
[    0.000000] MTRR: Disabled
[    0.000000] x86/PAT: MTRRs disabled, skipping PAT initialization too.
[    0.000000] x86/PAT: Configuration [0-7]: WB  WT  UC- UC  WB  WT  UC- UC  
[    0.000000] CPU MTRRs all blank - virtualized system.
[    0.000000] found SMP MP-table at [mem 0x0009fff0-0x0009ffff] mapped at [ffff88000009fff0]
[    0.000000] Scanning 1 areas for low memory corruption
[    0.000000] RAMDISK: [mem 0x36aca000-0x3755cfff]
[    0.000000] ACPI: Early table checksum verification disabled
[    0.000000] ACPI: RSDP 0x00000000000E0000 000024 (v02 VBOX  )
[    0.000000] ACPI: XSDT 0x000000003FFF0030 00003C (v01 VBOX   VBOXXSDT 00000001 ASL  00000061)
[    0.000000] ACPI: FACP 0x000000003FFF00F0 0000F4 (v04 VBOX   VBOXFACP 00000001 ASL  00000061)
[    0.000000] ACPI: DSDT 0x000000003FFF0470 0021C8 (v02 VBOX   VBOXBIOS 00000002 INTL 20100528)
[    0.000000] ACPI: FACS 0x000000003FFF0200 000040
[    0.000000] ACPI: FACS 0x000000003FFF0200 000040
[    0.000000] ACPI: APIC 0x000000003FFF0240 00005C (v02 VBOX   VBOXAPIC 00000001 ASL  00000061)
[    0.000000] ACPI: SSDT 0x000000003FFF02A0 0001CC (v01 VBOX   VBOXCPUT 00000002 INTL 20100528)
[    0.000000] No NUMA configuration found
[    0.000000] Faking a node at [mem 0x0000000000000000-0x000000003ffeffff]
[    0.000000] NODE_DATA(0) allocated [mem 0x3ffeb000-0x3ffeffff]
[    0.000000] kvm-clock: Using msrs 4b564d01 and 4b564d00
[    0.000000] kvm-clock: cpu 0, msr 0:3ffe3001, primary cpu clock
[    0.000000] kvm-clock: using sched offset of 4906314034 cycles
[    0.000000] clocksource: kvm-clock: mask: 0xffffffffffffffff max_cycles: 0x1cd42e4dffb, max_idle_ns: 881590591483 ns
[    0.000000] Zone ranges:
[    0.000000]   DMA      [mem 0x0000000000001000-0x0000000000ffffff]
[    0.000000]   DMA32    [mem 0x0000000001000000-0x000000003ffeffff]
[    0.000000]   Normal   empty
[    0.000000]   Device   empty
[    0.000000] Movable zone start for each node
[    0.000000] Early memory node ranges
[    0.000000]   node   0: [mem 0x0000000000001000-0x000000000009efff]
[    0.000000]   node   0: [mem 0x0000000000100000-0x000000003ffeffff]
[    0.000000] Initmem setup node 0 [mem 0x0000000000001000-0x000000003ffeffff]
[    0.000000] ACPI: PM-Timer IO Port: 0x4008
[    0.000000] IOAPIC[0]: apic_id 2, version 32, address 0xfec00000, GSI 0-23
[  0.000000] ACPI: INT_SRC_OVR (bus 0 bus_irq 0 global_irq 2 dfl dfl)
[    0.000000] ACPI: INT_SRC_OVR (bus 0 bus_irq 9 global_irq 9 high level)
[    0.000000] Using ACPI (MADT) for SMP configuration information
[    0.000000] smpboot: Allowing 2 CPUs, 0 hotplug CPUs
[    0.000000] PM: Registered nosave memory: [mem 0x00000000-0x00000fff]
[    0.000000] PM: Registered nosave memory: [mem 0x0009f000-0x0009ffff]
[    0.000000] PM: Registered nosave memory: [mem 0x000a0000-0x000effff]
[    0.000000] PM: Registered nosave memory: [mem 0x000f0000-0x000fffff]
[    0.000000] e820: [mem 0x40000000-0xfebfffff] available for PCI devices
[    0.000000] Booting paravirtualized kernel on KVM
[    0.000000] clocksource: refined-jiffies: mask: 0xffffffff max_cycles: 0xffffffff, max_idle_ns: 7645519600211568 ns
[    0.000000] setup_percpu: NR_CPUS:512 nr_cpumask_bits:512 nr_cpu_ids:2 nr_node_ids:1
[    0.000000] PERCPU: Embedded 33 pages/cpu @ffff88003fc00000 s98264 r8192 d28712 u1048576
[    0.000000] PV qspinlock hash table entries: 256 (order: 0, 4096 bytes)
[    0.000000] Built 1 zonelists in Node order, mobility grouping on.  Total pages: 257913
[    0.000000] Policy zone: DMA32
[    0.000000] Kernel command line: BOOT_IMAGE=/boot/vmlinuz-4.4.0-92-generic root=LABEL=cloudimg-rootfs ro console=tty1 console=ttyS0
[    0.000000] PID hash table entries: 4096 (order: 3, 32768 bytes)
[    0.000000] Memory: 1001748K/1048120K available (8474K kernel code, 1294K rwdata, 3984K rodata, 1488K init, 1316K bss, 46372K reserved, 0K cma-reserved)
[    0.000000] SLUB: HWalign=64, Order=0-3, MinObjects=0, CPUs=2, Nodes=1
[    0.000000] Hierarchical RCU implementation.
[    0.000000] 	Build-time adjustment of leaf fanout to 64.
[    0.000000] 	RCU restricting CPUs from NR_CPUS=512 to nr_cpu_ids=2.
[    0.000000] RCU: Adjusting geometry for rcu_fanout_leaf=64, nr_cpu_ids=2
[    0.000000] NR_IRQS:33024 nr_irqs:440 16
[    0.000000] Console: colour VGA+ 80x25
[    0.000000] console [tty1] enabled
[    0.000000] console [ttyS0] enabled
[    0.000000] tsc: Detected 1496.603 MHz processor
[   15.330190] Calibrating delay loop (skipped) preset value.. 2993.20 BogoMIPS (lpj=5986412)
[   15.552555] pid_max: default: 32768 minimum: 301
[   15.689212] ACPI: Core revision 20150930
[   15.740428] ACPI: 2 ACPI AML tables successfully acquired and loaded
[   15.810272] Security Framework initialized
[   15.912170] Yama: becoming mindful.
[   15.984804] AppArmor: AppArmor initialized
[   16.118035] Dentry cache hash table entries: 131072 (order: 8, 1048576 bytes)
[   16.330342] Inode-cache hash table entries: 65536 (order: 7, 524288 bytes)
[   16.526548] Mount-cache hash table entries: 2048 (order: 2, 16384 bytes)
[   16.728737] Mountpoint-cache hash table entries: 2048 (order: 2, 16384 bytes)
[   16.894570] Initializing cgroup subsys io
[   16.939387] Initializing cgroup subsys memory
[   16.982338] Initializing cgroup subsys devices
[   17.052149] Initializing cgroup subsys freezer
[   17.169709] Initializing cgroup subsys net_cls
[   17.276776] Initializing cgroup subsys perf_event
[   17.413545] Initializing cgroup subsys net_prio
[   17.532863] Initializing cgroup subsys hugetlb
[   17.646521] Initializing cgroup subsys pids
[   17.777062] CPU: Physical Processor ID: 0
[   17.881347] CPU: Processor Core ID: 0
[   17.980962] mce: CPU supports 0 MCE banks
[   18.062041] Last level iTLB entries: 4KB 512, 2MB 8, 4MB 8
[   18.139880] Last level dTLB entries: 4KB 512, 2MB 32, 4MB 32, 1GB 0
[   18.243336] Freeing SMP alternatives memory: 32K (ffffffff820b9000 - ffffffff820c1000)
[   18.441264] ftrace: allocating 32131 entries in 126 pages
[   18.665708] smpboot: APIC(0) Converting physical 0 to logical package 0
[   18.848567] smpboot: Max logical packages: 1
[   18.966162] x2apic enabled
[   19.056239] Switched APIC routing to physical x2apic.
[   19.168622] ..TIMER: vector=0x30 apic1=0 pin1=2 apic2=-1 pin2=-1
[   19.427410] smpboot: CPU0: Intel(R) Core(TM) i3-2375M CPU @ 1.50GHz (family: 0x6, model: 0x2a, stepping: 0x7)
[   19.698449] Performance Events: unsupported p6 CPU model 42 no PMU driver, software events only.
[   19.970029] KVM setup paravirtual spinlock
[   20.097732] x86: Booting SMP configuration:
[   20.213394] .... node  #0, CPUs:      #1
[   20.321981] kvm-clock: cpu 1, msr 0:3ffe3041, secondary cpu clock
[   20.402528] mce: CPU supports 0 MCE banks
[   20.461593] x86: Booted up 1 node, 2 CPUs
[   20.529614] smpboot: Total of 2 processors activated (5986.41 BogoMIPS)
[   20.567592] devtmpfs: initialized
[   20.623910] evm: security.selinux
[   20.723381] evm: security.SMACK64
[   20.802625] evm: security.SMACK64EXEC
[   20.934318] evm: security.SMACK64TRANSMUTE
[   21.072579] evm: security.SMACK64MMAP
[   21.167749] evm: security.ima
[   21.259937] evm: security.capability
[   21.360547] clocksource: jiffies: mask: 0xffffffff max_cycles: 0xffffffff, max_idle_ns: 7645041785100000 ns
[   21.618111] futex hash table entries: 512 (order: 3, 32768 bytes)
[   21.722233] pinctrl core: initialized pinctrl subsystem
[   21.804890] RTC time:  0:25:06, date: 08/21/17
[   21.900050] NET: Registered protocol family 16
[   22.041747] cpuidle: using governor ladder
[   22.169728] cpuidle: using governor menu
[   22.273930] PCCT header not found.
[   22.354830] ACPI: bus type PCI registered
[   22.462453] acpiphp: ACPI Hot Plug PCI Controller Driver version: 0.5
[   22.652414] PCI: Using configuration ype 1 for base access
[   22.841621] ACPI: Added _OSI(Module Device)
[   22.919008] ACPI: Added _OSI(Processor Device)
[   23.026994] ACPI: Added _OSI(3.0 _SCP Extensions)
[   23.147050] ACPI: Added _OSI(Processor Aggregator Device)
[   23.267896] ACPI: Executed 1 blocks of module-level executable AML code
[   23.410611] ACPI: Interpreter enabled
[   23.509811] ACPI: (supports S0 S5)
[   23.590293] ACPI: Using IOAPIC for interrupt routing
[   23.700162] PCI: Using host bridge windows from ACPI; if necessary, use "pci=nocrs" and report a bug
[   23.894928] ACPI: PCI Root Bridge [PCI0] (domain 0000 [bus 00-ff])
[   24.027542] acpi PNP0A03:00: _OSC: OS supports [ASPM ClockPM Segments MSI]
[   24.109679] acpi PNP0A03:00: _OSC failed (AE_NOT_FOUND); disabling ASPM
[   24.181482] acpi PNP0A03:00: fail to add MMCONFIG information, can't access extended PCI configuration space under this bridge.
[   24.426086] PCI host bridge to bus 0000:00
[   24.536202] pci_bus 0000:00: root bus resource [io  0x0000-0x0cf7 window]
[   24.699378] pci_bus 0000:00: root bus resource [io  0x0d00-0xffff window]
[   24.827972] pci_bus 0000:00: root bus resource [mem 0x000a0000-0x000bffff window]
[   24.935510] pci_bus 0000:00: root bus resource [mem 0x40000000-0xffdfffff window]
[   25.045533] pci_bus 0000:00: root bus resource [bus 00-ff]
[   25.174249] pci 0000:00:01.1: legacy IDE quirk: reg 0x10: [io  0x01f0-0x01f7]
[   25.268024] pci 0000:00:01.1: legacy IDE quirk: reg 0x14: [io  0x03f6]
[   25.311932] pci 0000:00:01.1: legacy IDE quirk: reg 0x18: [io  0x0170-0x0177]
[   25.388692] pci 0000:00:01.1: legacy IDE quirk: reg 0x1c: [io  0x0376]
[   25.521496] pci 0000:00:07.0: quirk: [io  0x4000-0x403f] claimed by PIIX4 ACPI
[   25.706434] pci 0000:00:07.0: quirk: [io  0x4100-0x410f] claimed by PIIX4 SMB
[   25.909679] ACPI: PCI Interrupt Link [LNKA] (IRQs 5 9 10 *11)
[   26.071807] ACPI: PCI Interrupt Link [LNKB] (IRQs 5 9 10 *11)
[   26.237488] ACPI: PCI Interrupt Link [LNKC] (IRQs 5 9 *10 11)
[   26.404357] ACPI: PCI Interrupt Link [LNKD] (IRQs 5 *9 10 11)
[   26.482351] ACPI: Enabled 2 GPEs in block 00 to 07
[   26.535444] vgaarb: setting as boot device: PCI:0000:00:02.0
[   26.603822] vgaarb: device added: PCI:0000:00:02.0,decodes=io+mem,owns=io+mem,locks=none
[   26.769517] vgaarb: loaded
[   26.797114] vgaarb: bridge control possible 0000:00:02.0
[   26.839133] SCSI subsystem initialized
[   26.883970] ACPI: bus type USB registered
[   26.961039] usbcore: registered new interface driver usbfs
[   26.991996] usbcore: registered new interface driver hub
[   27.012025] usbcore: registered new device driver usb
[   27.029837] PCI: Using ACPI for IRQ routing
[   27.045122] NetLabel: Initializing
[   27.060352] NetLabel:  domain hash size = 128
[   27.117818] NetLabel:  protocols = UNLABELED CIPSOv4
[   27.178997] NetLabel:  unlabeled traffic allowed by default
[   27.264246] amd_nb: Cannot enumerate AMD northbridges
[   27.353678] clocksource: Switched to clocksource kvm-clock
[   27.433041] AppArmor: AppArmor Filesystem Enabled
[   27.543149] pnp: PnP ACPI init
[   27.626161] pnp: PnP ACPI: found 3 devices
[   27.733431] clocksource: acpi_pm: mask: 0xffffff max_cycles: 0xffffff, max_idle_ns: 2085701024 ns
[   27.978712] NET: Registered protocol family 2
[   28.106748] TCP established hash table entries: 8192 (order: 4, 65536 bytes)
[   28.313951] TCP bind hash table entries: 8192 (order: 5, 131072 bytes)
[   28.467629] TCP: Hash tables configured (established 8192 bind 8192)
[   28.661153] UDP hash table entries: 512 (order: 2, 16384 bytes)
[   28.862190] UDP-Lite hash table entries: 512 (order: 2, 16384 bytes)
[   29.042890] NET: Registered protocol family 1
[   29.188708] pci 0000:00:00.0: Limiting direct PCI/PCI transfers
[   29.395884] pci 0000:00:01.0: Activating ISA DMA hang workarounds
[   29.609650] Unpacking initramfs...
[   33.585959] Freeing initrd memory: 10828K (ffff880036aca000 - ffff88003755d000)
[   33.793029] RAPL PMU detected, API unit is 2^-32 Joules, 3 fixed counters 10737418240 ms ovfl timer
[   34.098913] hw unit of domain pp0-core 2^-0 Joules
[   34.267187] hw unit of domain package 2^-0 Joules
[   34.401929] hw unit of domain pp1-gpu 2^-0 Joules
[   34.524142] platform rtc_cmos: registered platform RTC device (no PNP device found)
[   34.703847] Scanning for low memory corruption every 60 seconds
[   34.824573] audit: initializing netlink subsys (disabled)
[   34.870400] audit: type=2000 audit(1503275099.316:1): initialized
[   34.917249] Initialise system trusted keyring
[   34.944657] HugeTLB registered 2 MB page size, pre-allocated 0 pages
[   35.042296] zbud: loaded
[   35.098968] VFS: Disk quotas dquot_6.6.0
[   35.188837] VFS: Dquot-cache hash table entries: 512 (order 0, 4096 bytes)
[   35.333566] squashfs: version 4.0 (2009/01/31) Phillip Lougher
[   35.423796] fuse init (API version 7.23)
[   35.507789] Key type big_key registered
[   35.554766] Allocating IMA MOK and blacklist keyrings.
[   35.558469] tsc: Refined TSC clocksource calibration: 1497.163 MHz
[   35.558473] clocksource: tsc: mask: 0xffffffffffffffff max_cycles: 0x1594aaa4842, max_idle_ns: 440795245925 ns
[   35.893880] Key type asymmetric registered
[   35.959132] Asymmetric key parser 'x509' registered
[   36.019555] Block layer SCSI generic (bsg) driver version 0.4 loaded (major 249)
[   36.116732] io scheduler noop registered
[   36.167880] io scheduler deadline registered (default)
[   36.276452] io scheduler cfq registered
[   36.360060] pci_hotplug: PCI Hot Plug PCI Core version: 0.5
[   36.497865] pciehp: PCI Express Hot Plug Controller Driver version: 0.4
[   36.627400] ACPI: AC Adapter [AC] (on-line)
[   36.707740] input: Power Button as /devices/LNXSYSTM:00/LNXPWRBN:00/input/input0
[   36.826651] ACPI: Power Button [PWRF]
[   36.877943] input: Sleep Button as /devices/LNXSYSTM:00/LNXSLPBN:00/input/input1
[   36.967028] ACPI: Sleep Button [SLPF]
[   37.032517] ACPI: Battery Slot [BAT0] (battery present)
[   37.038645] GHES: HEST is not enabled!
[   37.110642] Serial: 8250/16550 driver, 32 ports, IRQ sharing enabled
[   37.149574] 00:02: ttyS0 at I/O 0x3f8 (irq = 4, base_baud = 115200) is a 16550A
[   37.209857] Linux agpgart interface v0.103
[   37.294466] loop: module loaded
[   37.295561] scsi host0: ata_piix
[   37.295674] scsi host1: ata_piix
[   37.295765] ata1: PATA max UDMA/33 cmd 0x1f0 ctl 0x3f6 bmdma 0xd000 irq 14
[   37.295767] ata2: PATA max UDMA/33 cmd 0x170 ctl 0x376 bmdma 0xd008 irq 15
[   37.295913] libphy: Fixed MDIO Bus: probed
[   37.295918] tun: Universal TUN/TAP device driver, 1.6
[   37.295919] tun: (C) 1999-2004 Max Krasnyansky <maxk@qualcomm.com>
[   37.296019] PPP generic driver version 2.4.2
[   37.296115] ehci_hcd: USB 2.0 'Enhanced' Host Controller (EHCI) Driver
[   37.296123] ehci-pci: EHCI PCI platform driver
[   37.296142] ehci-platform: EHCI generic platform driver
[   37.296158] ohci_hcd: USB 1.1 'Open' Host Controller (OHCI) Driver
[   37.296164] ohci-pci: OHCI PCI platform driver
[   37.296180] ohci-platform: OHCI generic platform driver
[   37.296194] uhci_hcd: USB Universal Host Controller Interface driver
[   37.296368] i8042: PNP: PS/2 Controller [PNP0303:PS2K,PNP0f03:PS2M] at 0x60,0x64 irq 1,12
[   37.297225] serio: i8042 KBD port at 0x60,0x64 irq 1
[   37.297260] serio: i8042 AUX port at 0x60,0x64 irq 12
[   37.297466] mousedev: PS/2 mouse device common for all mice
[   37.299771] input: AT Translated Set 2 keyboard as /devices/platform/i8042/serio0/input/input2
[   37.300903] rtc_cmos rtc_cmos: rtc core: registered rtc_cmos as rtc0
[   37.301087] rtc_cmos rtc_cmos: alarms up to one day, 114 bytes nvram
[   37.301142] i2c /dev entries driver
[   37.301320] device-mapper: uevent: version 1.0.3
[   37.301508] device-mapper: ioctl: 4.34.0-ioctl (2015-10-28) initialised: dm-devel@redhat.com
[   37.301550] ledtrig-cpu: registered to indicate activity on CPUs
[   37.302528] NET: Registered protocol family 10
[   37.302988] NET: Registered protocol family 17
[   37.303012] Key type dns_resolver registered
[   37.303511] microcode: CPU0 sig=0x206a7, pf=0x10, revision=0x0
[   37.323990] microcode: CPU1 sig=0x206a7, pf=0x10, revision=0x0
[   37.324197] microcode: Microcode Update Driver: v2.01 <tigran@aivazian.fsnet.co.uk>, Peter Oruba
[   37.324568] registered taskstats version 1
[   37.324602] Loading compiled-in X.509 certificates
[   37.326882] Loaded X.509 cert 'Build time autogenerated kernel key: 01a2b0d0dba8d37a863918580fc16590a7d146c8'
[   37.326935] zswap: loaded using pool lzo/zbud
[   37.331530] Key type trusted registered
[   37.337512] Key type encrypted registered
[   37.337530] AppArmor: AppArmor sha1 policy hashing enabled
[   37.337535] ima: No TPM chip found, activating TPM-bypass!
[   37.337590] evm: HMAC attrs: 0x1
[   37.338221]   Magic number: 13:959:405
[   37.369949] rtc_cmos rtc_cmos: setting system clock to 2017-08-21 00:25:22 UTC (1503275122)
[   37.370207] BIOS EDD facility v0.16 2004-Jun-25, 0 devices found
[   37.370208] EDD information not available.
[   41.050991] Freeing unused kernel memory: 1488K (ffffffff81f45000 - ffffffff820b9000)
[   41.328200] Write protecting the kernel read-only data: 14336k
[   41.509323] Freeing unused kernel memory: 1752K (ffff88000184a000 - ffff880001a00000)
[   41.778063] Freeing unused kernel memory: 112K (ffff880001de4000 - ffff880001e00000)
Loading, please wait...
starting version[   41.958206] random: systemd-udevd: uninitialized urandom read (16 bytes read, 4 bits of entropy available)
 229
[   41.961826] random: udevadm: uninitialized urandom read (16 bytes read, 4 bits of entropy available)
[   41.962037] random: udevadm: uninitialized urandom read (16 bytes read, 4 bits of entropy available)
[   41.962674] random: udevadm: uninitialized urandom read (16 bytes read, 4 bits of entropy available)
[   41.962784] random: udevadm: uninitialized urandom read (16 bytes read, 4 bits of entropy available)
[   41.962881] random: udevadm: uninitialized urandom read (16 bytes read, 4 bits of entropy available)
[   41.962977] random: udevadm: uninitialized urandom read (16 bytes read, 4 bits of entropy available)
[   41.963216] random: udevadm: uninitialized urandom read (16 bytes read, 4 bits of entropy available)
[   41.963316] random: udevadm: uninitialized urandom read (16 bytes read, 4 bits of entropy available)
[   41.963409] random: udevadm: uninitialized urandom read (16 bytes read, 4 bits of entropy available)
[   42.875294] Fusion MPT base driver 3.04.20
[   42.938042] Copyright (c) 1999-2008 LSI Corporation
[   42.990111] e1000: Intel(R) PRO/1000 Network Driver - version 7.3.21-k8-NAPI
[   43.050618] e1000: Copyright (c) 1999-2006 Intel Corporation.
[   43.199205] Fusion MPT SPI Host driver 3.04.20
[   43.346077] input: ImExPS/2 Generic Explorer Mouse as /devices/platform/i8042/serio1/input/input4
[   43.643853] e1000 0000:00:03.0 eth0: (PCI:33MHz:32-bit) 02:2b:21:2a:21:0d
[   43.847011] e1000 0000:00:03.0 eth0: Intel(R) PRO/1000 Network Connection
[   44.027498] e1000 0000:00:03.0 enp0s3: renamed from eth0
[   44.027690] mptbase: ioc0: Initiating bringup
[   44.346492] ioc0: LSI53C1030 A0: Capabilities={Initiator}
[   44.615565] scsi host2: ioc0: LSI53C1030 A0, FwRev=00000000h, Ports=1, MaxQ=256, IRQ=20
[   44.891845] scsi 2:0:0:0: Direct-Access     VBOX     HARDDISK         1.0  PQ: 0 ANSI: 5
[   45.058660] scsi target2:0:0: Beginning Domain Validation
[   45.168011] scsi target2:0:0: Domain Validation skipping write tests
[   45.350567] scsi target2:0:0: Ending Domain Validation
[   45.448999] scsi target2:0:0: asynchronous
[   45.511169] scsi 2:0:1:0: Direct-Access     VBOX     HARDDISK         1.0  PQ: 0 ANSI: 5
[   45.638041] scsi target2:0:1: Beginning Domain Validation
[   45.805889] scsi target2:0:1: Domain Validation skipping write tests
[   46.032832] scsi target2:0:1: Ending Domain Validation
[   46.186857] floppy0: no floppy controllers found
[   46.186955] scsi target2:0:1: asynchronous
[   46.316423] sd 2:0:0:0: [sda] 20971520 512-byte logical blocks: (10.7 GB/10.0 GiB)
[   46.316899] sd 2:0:0:0: [sda] Write Protect is off
[   46.317337] sd 2:0:0:0: [sda] Incomplete mode parameter data
[   46.317340] sd 2:0:0:0: [sda] Assuming drive cache: write through
[   46.378513] sd 2:0:0:0: Attached scsi generic sg0 type 0
[   46.379240] sd 2:0:1:0: Attached scsi generic sg1 type 0
[   46.379279] sd 2:0:1:0: [sdb] 20480 512-byte logical blocks: (10.5 MB/10.0 MiB)
[   46.380379] sd 2:0:1:0: [sdb] Write Protect is off
[   46.380651] sd 2:0:1:0: [sdb] Incomplete mode parameter data
[   46.380653] sd 2:0:1:0: [sdb] Assuming drive cache: write through
[   46.423770]  sda: sda1
[   46.425152] sd 2:0:0:0: [sda] Attached SCSI disk
[   46.446727] sd 2:0:1:0: [sdb] Attached SCSI disk
Begin: Loading e[   48.904474] md: linear personality registered for level -1
ssential drivers[   49.049156] md: multipath personality registered for level -4
 ... [   49.088847] md: raid0 personality registered for level 0
[   49.168755] md: raid1 personality registered for level 1
[   49.314149] raid6: sse2x1   gen()  3649 MB/s
[   49.473738] raid6: sse2x1   xor()  2910 MB/s
[   49.626171] raid6: sse2x2   gen()  4771 MB/s
[   49.769902] raid6: sse2x2   xor()  3372 MB/s
[   49.893717] raid6: sse2x4   gen()  5186 MB/s
[   50.037782] raid6: sse2x4   xor()  4007 MB/s
[   50.120706] raid6: using algorithm sse2x4 gen() 5186 MB/s
[   50.201397] raid6: .... xor() 4007 MB/s, rmw enabled
[   50.234183] raid6: using ssse3x2 recovery algorithm
[   50.306032] xor: automatically using best checksumming function:
[   50.470434]    avx       :  7768.000 MB/sec
[   50.586711] async_tx: api initialized (async)
[   50.697292] md: raid6 personality registered for level 6
[   50.805426] md: raid5 personality registered for level 5
[   50.898227] md: raid4 personality registered for level 4
[   50.975883] md: raid10 personality registered for level 10
done.
Begin: Running /scripts/init-premount ... done.
Begin: Mounti[   51.157245] Btrfs loaded
ng root file system ... Begin: Running /scripts/local-top ... done.
Begin: Running /scripts/local-premount ... Scanning for Btrfs filesystems
done.
Warning: [   51.429745] EXT4-fs (sda1): mounted filesystem with ordered data mode. Opts: (null)
fsck not present, so skipping root file system
done.
Begin: Running /scripts/local-bottom ... done.
Begin: Running /scripts/init-bottom ... done.
[   52.186446] random: nonblocking pool is initialized
[   52.829786] systemd[1]: systemd 229 running in system mode. (+PAM +AUDIT +SELINUX +IMA +APPARMOR +SMACK +SYSVINIT +UTMP +LIBCRYPTSETUP +GCRYPT +GNUTLS +ACL +XZ -LZ4 +SECCOMP +BLKID +ELFUTILS +KMOD -IDN)
[   53.138616] systemd[1]: Detected virtualization oracle.
[   53.199086] systemd[1]: Detected architecture x86-64.

Welcome to [1mUbuntu 16.04.3 LTS[0m!

[   53.377763] systemd[1]: Set hostname to <ubuntu>.
[   53.606636] systemd[1]: Initializing machine ID from random generator.
[   53.793254] systemd[1]: Installed transient /etc/machine-id file.
[   55.411050] systemd[1]: Listening on Journal Audit Socket.
[[0;32m  OK  [0m] Listening on Journal Audit Socket.
[   55.678743] systemd[1]: Listening on LVM2 poll daemon socket.
[[0;32m  OK  [0m] Listening on LVM2 poll daemon socket.
[   55.947145] systemd[1]: Listening on udev Kernel Socket.
[[0;32m  OK  [0m] Listening on udev Kernel Socket.
[   56.134554] systemd[1]: Listening on Journal Socket.
[[0;32m  OK  [0m] Listening on Journal Socket.
[   56.314257] systemd[1]: Created slice User and Session Slice.
[[0;32m  OK  [0m] Created slice User and Session Slice.
[   56.482510] systemd[1]: Started Trigger resolvconf update for networkd DNS.
[[0;32m  OK  [0m] Started Trigger resolvconf update for networkd DNS.
[   56.787273] systemd[1]: Listening on /dev/initctl Compatibility Named Pipe.
[[0;32m  OK  [0m] Listening on /dev/initctl Compatibility Named Pipe.
[   57.126594] systemd[1]: Listening on Syslog Socket.
[[0;32m  OK  [0m] Listening on Syslog Socket.
[   57.335642] systemd[1]: Listening on udev Control Socket.
[[0;32m  OK  [0m] Listening on udev Control Socket.
[   57.482158] systemd[1]: Reached target User and Group Name Lookups.
[[0;32m  OK  [0m] Reached target User and Group Name Lookups.
[   57.668573] systemd[1]: Listening on Journal Socket (/dev/log).
[[0;32m  OK  [0m] Listening on Journal Socket (/dev/log).
[   57.820295] systemd[1]: Created slice System Slice.
[[0;32m  OK  [0m] Created slice System Slice.
[   58.022721] systemd[1]: Starting Set console keymap...
         Starting Set console keymap...
[   58.242158] systemd[1]: Starting Remount Root and Kernel File Systems...
         Starting Remount Root and Kernel File Systems...
[   58.516642] EXT4-fs (sda1): re-mounted. Opts: (null)
[   58.586058] systemd[1]: Starting Nameserver information manager...
         Starting Nameserver information manager...
[   58.730004] systemd[1]: Starting Uncomplicated firewall...
         Starting Uncomplicated firewall...
[   58.950622] systemd[1]: Mounting POSIX Message Queue File System...
         Mounting POSIX Message Queue File System...
[   59.298553] systemd[1]: Starting Load Kernel Modules...
         Starting Load Kernel Modules...
[   59.468210] systemd[1]: Reached target Slices.
[[0;32m  OK  [0[   59.619614] Loading iSCSI transport class v2.0-870.
m] Reached target Slices.
[   59.782910] systemd[1]: Starting Create list of required static device nodes for the current kernel...
         [   59.901082] iscsi: registered transport (tcp)
Starting Create list of required st... nodes for the current kernel...
[   60.057596] iscsi: registered transport (iser)
[   60.058207] systemd[1]: Starting Journal Service...
         Starting Journal Service...
[   60.254708] systemd[1]: Mounting Debug File System...
         Mounting Debug File System...
[   60.314602] systemd[1]: Set up automount Arbitrary Executable File Formats File System Automount Point.
[[0;32m  OK  [0m] Set up automount Arbitrary Executab...ats File System Automount Point.
[   60.753844] systemd[1]: Mounting Huge Pages File System...
         Mounting Huge Pages File System...
[   60.906769] systemd[1]: Created slice system-serial\x2dgetty.slice.
[[0;32m  OK  [0m] Created slice system-serial\x2dgetty.slice.
[   61.051627] systemd[1]: Listening on Device-mapper event daemon FIFOs.
[[0;32m  OK  [0m] Listening on Device-mapper event daemon FIFOs.
[   61.226924] systemd[1]: Listening on LVM2 metadata daemon socket.
[[0;32m  OK  [0m] Listening on LVM2 metadata daemon socket.
[   61.438007] systemd[1]: Starting Monitoring of LVM2 mirrors, snapshots etc. using dmeventd or progress polling...
         Starting Monitoring of LVM2 mirrors... dmeventd or progress polling...
[   61.694022] systemd[1]: Reached target Encrypted Volumes.
[[0;32m  OK  [0m] Reached target Encrypted Volumes.
[   61.854817] systemd[1]: Reached target Swap.
[[0;32m  OK  [0m] Reached target Swap.
[   62.018274] systemd[1]: Started Forward Password Requests to Wall Directory Watch.
[[0;32m  OK  [0m] Started Forward Password Requests to Wall Directory Watch.
[   62.212106] systemd[1]: Mounted POSIX Message Queue File System.
[[0;32m  OK  [0m] Mounted POSIX Message Queue File System.
[   62.394236] systemd[1]: Mounted Debug File System.
[[0;32m  OK  [0m] Mounted Debug File System.
[   62.566271] systemd[1]: Mounted Huge Pages File System.
[[0;32m  OK  [0m] Mounted Huge Pages File System.
[   62.742697] systemd[1]: Started Journal Service.
[[0;32m  OK  [0m] Started Journal Service.
[[0;32m  OK  [0m] Started Set console keymap.
[[0;32m  OK  [0m] Started Remount Root and Kernel File Systems.
[[0;32m  OK  [0m] Started Uncomplicated firewall.
[[0;32m  OK  [0m] Started Load Kernel Modules.
[[0;32m  OK  [0m] Started Create list of required sta...ce nodes for the current kernel.
[[0;32m  OK  [0m] Started Nameserver information manager.
[[0;32m  OK  [0m] Started LVM2 metadata daemon.
         Starting Create Static Device Nodes in /dev...
         Starting Apply Kernel Variables...
         Mounting FUSE Control File System...
         Starting udev Coldplug all Devices...
         Starting Initial cloud-init job (pre-networking)...
         Starting Load/Save Random Seed...
         Starting Flush Journal to Persistent Storage...
[[0;32m  OK  [0m] Mounted FUSE Control File System.
[[0;32m  OK  [0m] Started Create Static Device Nodes in /dev.
[[0;32m  OK  [0m] Started Monitoring of LVM2 mirrors,...ng dmeventd or progress polling.
[[0;32m  OK  [0m] Started Apply Kernel Variables.
[[0;32m  OK  [0m] Started Load/Save Random Seed.
[[0;32m  OK  [0m] Started udev Coldplug all Devices.
         Starting udev Kernel Device Manager...
[[0;32m  OK  [0m] Started Flush Journal to Persistent Storage.
[[0;32m  OK  [0m] Started udev Kernel Device Manager.
[[0;32m  OK  [0m] Started Dispatch Password Requests to Console Directory Watch.
[[0;32m  OK  [0m] Reached target Local File Systems (Pre).
[[0;32m  OK  [0m] Reached target Local File Systems.
         Starting Tell Plymouth To Write Out Runtime Data...
         Starting LSB: AppArmor initialization...
         Starting Commit a transient machine-id on disk...
         Starting Create Volatile Files and Directories...
         Starting Set console font and keymap...
[[0;32m  OK  [0m] Found device /dev/ttyS0.
[[0;32m  OK  [0m] Started Commit a transient machine-id on disk.
[[0;32m  OK  [0m] Started Tell Plymouth To Write Out Runtime Data.
[[0;32m  OK  [0m] Started Create Volatile Files and Directories.
[[0;32m  OK  [0m] Reached target System Time Synchronized.
         Starting Update UTMP about System Boot/Shutdown...
[[0;32m  OK  [0m] Started Update UTMP about System Boot/Shutdown.
[[0;32m  OK  [0m] Listening on Load/Save RF Kill Switch Status /dev/rfkill Watch.
[[0;32m  OK  [0m] Started LSB: AppArmor initialization.
[[0;32m  OK  [0m] Started Set console font and keymap.
[[0;32m  OK  [0m] Created slice system-getty.slice.
[   46.204510] cloud-init[443]: Cloud-init v. 0.7.9 running 'init-local' at Mon, 21 Aug 2017 00:25:57 +0000. Up 45.35 seconds.
[[0;32m  OK  [0m] Started Initial cloud-init job (pre-networking).
[[0;32m  OK  [0m] Reached target Network (Pre).
         Starting Raise network interfaces...
[[0;32m  OK  [0m] Started Raise network interfaces.
[[0;32m  OK  [0m] Reached target Network.
         Starting Initial cloud-init job (metadata service crawler)...
[   50.644035] cloud-init[921]: Cloud-init v. 0.7.9 running 'init' at Mon, 21 Aug 2017 00:25:59 +0000. Up 47.91 seconds.
[   50.797204] [cloud-init[0;32m  OK  [0m[921]: ] ci-info: +++++++++++++++++++++++++++++++++++++Net device info++++++++++++++++++++++++++++++++++++++Started Initial cloud-init job (metadata service crawler).

[   50.798419] cloud-init[921]: ci-info: +--------+------+----------------------------+---------------+-------+-------------------+
[   51.236771] [cloud-init[0;32m  OK  [0m[921]: ] ci-info: | Device |  Up  |          Address           |      Mask     | Scope |     Hw-Address    |Reached target System Initialization.

[   51.238018] [cloud-init[0;32m  OK  [0m[921]: ] ci-info: +--------+------+----------------------------+---------------+-------+-------------------+Started Timer to automatically refresh installed snaps.

[   51.457430] [cloud-init[0;32m  OK  [0m[921]: ] ci-info: |   lo   | True |         127.0.0.1          |   255.0.0.0   |   .   |         .         |Listening on D-Bus System Message Bus Socket.

[   51.972904] cloud-init[921]: ci-info: |   lo   | True |          ::1/128           |       .       |  host |         .         |
[[0;32m  OK  [0m] Started Daily Cleanup of Temporary Directories.
[   51.974188] [cloud-init[0;32m  OK  [0m[921]: ] ci-info: | enp0s3 | True |         10.0.2.15          | 255.255.255.0 |   .   | 02:2b:21:2a:21:0d |Listening on ACPID Listen Socket.

[[0;32m  OK  [0m] Started ACPI Events Check.
[[0;32m  OK  [0m] Reached target Paths.
[   52.472760] cloud-init[921]: ci-info: | enp0s3 | True | fe80::2b:21ff:fe2a:210d/64 |       .       |  link | 02:2b:21:2a:21:0d |
[   52.744617]          cloud-initStarting Socket activation for snappy daemon.[921]: 
ci-info: +--------+------+----------------------------+---------------+-------+-------------------+
[   52.988836] [cloud-init[0;32m  OK  [0m[921]: ] ci-info: +++++++++++++++++++++++++++Route IPv4 info++++++++++++++++++++++++++++Listening on UUID daemon activation socket.

[   53.197473]          cloud-initStarting LXD - unix socket.[921]: 
ci-info: +-------+-------------+----------+---------------+-----------+-------+
[   53.393253] [cloud-init[0;32m  OK  [0m[921]: ] ci-info: | Route | Destination | Gateway  |    Genmask    | Interface | Flags |Reached target Network is Online.

[   53.581155] [cloud-init[0;32m  OK  [0m[921]: ] ci-info: +-------+-------------+----------+---------------+-----------+-------+Started Daily apt download activities.

[   53.582575] [cloud-init[0;32m  OK  [0m[921]: ] ci-info: |   0   |   0.0.0.0   | 10.0.2.2 |    0.0.0.0    |   enp0s3  |   UG  |Started Daily apt upgrade and clean activities.

[   53.774634] [cloud-init[0;32m  OK  [0m[921]: ] ci-info: |   1   |   10.0.2.0  | 0.0.0.0  | 255.255.255.0 |   enp0s3  |   U   |Reached target Timers.

[   53.947288] cloud-init[921]: ci-info: +-------+-------------+----------+---------------+-----------+-------+
[   54.229415]          cloud-initStarting iSCSI initiator daemon (iscsid)...[921]: 
Generating public/private rsa key pair.
[   54.389202] [cloud-init[0;32m  OK  [0m[921]: ] Your identification has been saved in /etc/ssh/ssh_host_rsa_key.Reached target Cloud-config availability.

[   54.581293] [cloud-init[0;32m  OK  [0m[921]: ] Your public key has been saved in /etc/ssh/ssh_host_rsa_key.pub.Listening on Socket activation for snappy daemon.

[   54.789299] [cloud-init[0;32m  OK  [0m[921]: ] The key fingerprint is:Listening on LXD - unix socket.

[   54.909348] [cloud-init[0;32m  OK  [0m[921]: ] SHA256:h5ZKGNoNNSXzZem3AjEUf5+jUDLpp9Qacg9tegXh8no root@ubuntu-xenialReached target Sockets.

[   55.076894] cloud-init[921]: The key's randomart image is:[
[0;32m  OK  [0m] Reached target Basic System.
[   55.078446] cloud-init[921]: +---[RSA 2048]----+
[   55.236718]          cloud-initStarting LXD - container startup/shutdown...[921]: 
|      =o+.o..    |
[   55.348960]          cloud-initStarting Accounts Service...[921]: 
|     . =o+.o .   |
[   55.461009]          cloud-initStarting Pollinate to seed the pseudo random number generator...[921]: 
|    o   .+* =    |
[   55.589598] [cloud-init[0;32m  OK  [0m[921]: ] |   o =  .+.X.o . |Started D-Bus System Message Bus.

[   55.705555] cloud-init[921]: |  . o o S.O.*.=  |
[   55.768595] cloud-init[921]: |     . o =.%.o . |
[   55.837529] cloud-init[921]: |      .   =.E    |
[   55.888516] cloud-init[921]: |           o     |
[   55.957074] cloud-init[921]: |                 |
[   56.009884] cloud-init[921]: +----[SHA256]-----+
[   56.077019] cloud-init[921]: Generating public/private dsa key pair.
[   56.156980] cloud-init[921]: Your identification has been saved in /etc/ssh/ssh_host_dsa_key.
[   56.261314] cloud-init[921]: Your public key has been saved in /etc/ssh/ssh_host_dsa_key.pub.
[   56.365660] cloud-init[921]: The key fingerprint is:
[   56.428564] cloud-init[921]: SHA256:/lC92e9pxo0EditrAG0aZnhasPk+DTZYN5ualMEXx0Y root@ubuntu-xenial
[   56.525261] cloud-init[921]: The key's randomart image is:
[   56.590829] cloud-init[921]: +---[DSA 1024]----+
[   56.648765] cloud-init[921]: |           oE    |
[   56.701272] cloud-init[921]: |      .   . +    |
[   56.765562] cloud-init[921]: |       * . +     |
[   56.825170] cloud-init[921]: |      + @ *.o .  |
[[0;32m  OK  [0m] Started FUSE filesystem for LXC.
[   56.902311] cloud-init[921]: |       XSX.=.o . |
         [   57.032712] cloud-init[921]: |      o.O.+ .+o  |
[   57.032939] cloud-init[921]: |       +o* .o+o..|
[   57.033052] cloud-init[921]: |        =o. o .=o|
[   57.033136] cloud-init[921]: |         ...  ooo|
[   57.033237] cloud-init[921]: +----[SHA256]-----+
[   57.033325] cloud-init[921]: Generating public/private ecdsa key pair.
[   57.033408] cloud-init[921]: Your identification has been saved in /etc/ssh/ssh_host_ecdsa_key.
[   57.033490] cloud-init[921]: Your public key has been saved in /etc/ssh/ssh_host_ecdsa_key.pub.
[   57.033570] cloud-init[921]: The key fingerprint is:
[   57.033740] cloud-init[921]: SHA256:rMWBHTk2njdZ+hgQsqRI/48U4T1rmyXHAKfeaKIH1Lo root@ubuntu-xenial
[   57.033889] cloud-init[921]: The key's randomart image is:
[   57.033974] cloud-init[921]: +---[ECDSA 256]---+
[   57.034058] cloud-init[921]: |  .   = +o       |
[   57.034138] cloud-init[921]: | . + + @*.  .    |
[   57.034215] cloud-init[921]: |  o + *o*= +     |
[   57.034298] cloud-init[921]: | . . o *o**      |
[   57.034386] cloud-init[921]: |  o . * S.+=     |
[   57.034470] cloud-init[921]: |   + + * *. .    |
[   57.034546] cloud-init[921]: |  E . o +        |
[   57.034793] cloud-init[921]: |   .             |
[   57.034889] cloud-init[921]: |                 |
[   57.034967] cloud-init[921]: +----[SHA256]-----+
[   57.035046] cloud-init[921]: Generating public/private ed25519 key pair.
[   57.035127] cloud-init[921]: Your identification has been saved in /etc/ssh/ssh_host_ed25519_key.
[   57.035209] cloud-init[921]: Your public key has been saved in /etc/ssh/ssh_host_ed25519_key.pub.
[   57.035379] cloud-init[921]: The key fingerprint is:
Starting Login Service...
[   57.035773] cloud-init[921]: SHA256:qBZelAQktNuO1IJp4waMFDKk1nxFykMhQfDm0gkrAoo root@ubuntu-xenial
[   58.788759] cloud-init[921]: The key's randomart image is:
[   58.869601] cloud-init[921]: +--[ED25519 256]--+
         Starting /etc/rc.local Compatibility...
[   58.870826] cloud-init[921]: |+===+++o         |
[   59.077363] cloud-init[921]: |o.=o+.o.         |
[   59.078430] cloud-init         [921]: Starting Apply the settings specified in cloud-config...|o+.= =o          |

[   59.200842] cloud-init[921]: |Oo*+o...         |
[   59.201648] cloud-init[921]: |E*+++ o S        |
[[0;32m  OK  [0m] Started ACPI event daemon.
[   59.202064] cloud-init[921]: |*.o= +           |
[   59.397208] cloud-init[921]: | o. =            |
[   59.398040] cloud-init[921]: |.  .             |
[[0;32m  OK  [0m] Started Deferred execution scheduler.
[[0;32m  OK  [0m[   59.398494] ] cloud-initStarted Unattended Upgrades Shutdown.[921]: 
|                 |
[[0;32m  OK  [0m] Started Regular background program processing daemon.
[   59.640938] cloud-init[921]: +----[SHA256]-----+
         Starting System Logging Service...
         Starting LSB: MD monitoring daemon...
         Starting LSB: Record successful boot for GRUB...
[[0;32m  OK  [0m] Started Snappy daemon.
         Starting Auto import assertions from block devices...
[[0;32m  OK  [0m] Started System Logging Service.
[[0;32m  OK  [0m] Started iSCSI initiator daemon (iscsid).
[[0;32m  OK  [0m] Started LXD - container startup/shutdown.
[[0;32m  OK  [0m] Started Pollinate to seed the pseudo random number generator.
[[0;32m  OK  [0m] Started /etc/rc.local Compatibility.
[[0;32m  OK  [0m] Started Auto import assertions from block devices.
[[0;32m  OK  [0m] Started Login Service.
[   60.828679] cloud-init[1081]: Generating locales (this might take a while)...
         Starting Authenticate and Authorize Users to Run Privileged Tasks...
         Starting OpenBSD Secure Shell server...
         Starting Login to default iSCSI targets...
[[0;32m  OK  [0m] Started LSB: Record successful boot for GRUB.
[[0;32m  OK  [0m] Started LSB: MD monitoring daemon.
[[0;32m  OK  [0m] Started Authenticate and Authorize Users to Run Privileged Tasks.
[[0;32m  OK  [0m] Started OpenBSD Secure Shell server.
[[0;32m  OK  [0m] Started Accounts Service.
[[0;32m  OK  [0m] Started Login to default iSCSI targets.
[[0;32m  OK  [0m] Reached target Remote File Systems (Pre).
[[0;32m  OK  [0m] Reached target Remote File Systems.
         Starting Permit User Sessions...
         Starting LSB: Set the CPU Frequency Scaling governor to "ondemand"...
         Starting LSB: daemon to balance interrupts for SMP systems...
         Starting LSB: automatic crash report generation...
         Starting LSB: VirtualBox Linux Additions...
[[0;32m  OK  [0m] Started Permit User Sessions.
[[0;32m  OK  [0m] Started LSB: Set the CPU Frequency Scaling governor to "ondemand".
[[0;32m  OK  [0m] Started LSB: daemon to balance interrupts for SMP systems.
         Starting Hold until boot process finishes up...
         Starting Terminate Plymouth Boot Screen...
[[0;32m  OK  [0m] Started LSB: automatic crash report generation.
[[0;32m  OK  [0m] Started Hold until boot process finishes up.
[[0;32m  OK  [0m] Started Terminate Plymouth Boot Screen.
[[0;32m  OK  [0m] Started LSB: VirtualBox Linux Additions.
[[0;32m  OK  [0m] Started Getty on tty1.
         Starting Set console scheme...
[[0;32m  OK  [0m] Started Serial Getty on ttyS0.
[[0;32m  OK  [0m] Reached target Login Prompts.
[[0;32m  OK  [0m] Reached target Multi-User System.
[[0;32m  OK  [0m] Reached target Graphical Interface.
         Starting Update UTMP about System Runlevel Changes...
[[0;32m  OK  [0m] Started Set console scheme.
[[0;32m  OK  [0m] Started Update UTMP about System Runlevel Changes.
[   63.683018] cloud-init[1081]:   en_US.UTF-8... done
[   63.757205] cloud-init[1081]: Generation complete.
         Stopping OpenBSD Secure Shell server...
[[0;32m  OK  [0m] Stopped OpenBSD Secure Shell server.
         Starting OpenBSD Secure Shell server...
[[0;32m  OK  [0m] Started OpenBSD Secure Shell server.
[   66.008383] cloud-init[1081]: Cloud-init v. 0.7.9 running 'modules:config' at Mon, 21 Aug 2017 00:26:11 +0000. Up 60.02 seconds.
[[0;32m  OK  [0m] Started Apply the settings specified in cloud-config.
         Starting Execute cloud user/final scripts...
ci-info: no authorized ssh keys fingerprints found for user ubuntu.
<14>Aug 21 00:26:19 ec2: 
<14>Aug 21 00:26:19 ec2: #############################################################
<14>Aug 21 00:26:19 ec2: -----BEGIN SSH HOST KEY FINGERPRINTS-----
<14>Aug 21 00:26:19 ec2: 1024 SHA256:/lC92e9pxo0EditrAG0aZnhasPk+DTZYN5ualMEXx0Y root@ubuntu-xenial (DSA)
<14>Aug 21 00:26:19 ec2: 256 SHA256:rMWBHTk2njdZ+hgQsqRI/48U4T1rmyXHAKfeaKIH1Lo root@ubuntu-xenial (ECDSA)
<14>Aug 21 00:26:19 ec2: 256 SHA256:qBZelAQktNuO1IJp4waMFDKk1nxFykMhQfDm0gkrAoo root@ubuntu-xenial (ED25519)
<14>Aug 21 00:26:19 ec2: 2048 SHA256:h5ZKGNoNNSXzZem3AjEUf5+jUDLpp9Qacg9tegXh8no root@ubuntu-xenial (RSA)
<14>Aug 21 00:26:19 ec2: -----END SSH HOST KEY FINGERPRINTS-----
<14>Aug 21 00:26:19 ec2: #############################################################
-----BEGIN SSH HOST KEY KEYS-----
ecdsa-sha2-nistp256 AAAAE2VjZHNhLXNoYTItbmlzdHAyNTYAAAAIbmlzdHAyNTYAAABBBAayRf04lbDUrkiv0GxXrsQwuM9dxBdrdkg1ZgoQFjWKKVquNmsx9jsIetCvmWpxvLVoT+rBuxcBOmR9ZyYcGhs= root@ubuntu-xenial
ssh-ed25519 AAAAC3NzaC1lZDI1NTE5AAAAINAh0VKmP3qUj+K5UXl5JDS+e+rH3XmWKkrMNsCsm+pf root@ubuntu-xenial
ssh-rsa AAAAB3NzaC1yc2EAAAADAQABAAABAQCs3ebSiClheGfiyeUQ0doiFIpEjLMbg6I71P3KfmrW2mak+2QgeKL1SvgrhglaZ1bd0WdV4AuS0gF3W2WKkFdCSm5R6bXPOuqd5t6urLp2Ua0s7X4/eLs7mwHWs1CGwy5+NN1rLVZzNENaRhswPGR0ykEs+yj29hWN1UIPjzndpwH3+vLiMEewY0zxG8zSHJw7BnYiywlkHk5ETa0am7GflPoLaFsiNr8kPfMF3rE8fcM1x5bog5qakfzJbFzJFdhd2/grbFwyReD2Qe41DTM/xkCiOfUOPKTSog3FBrlQSk5+pUm6J496A7ktV/xtxikcFeW63SL77YLVynph0KKl root@ubuntu-xenial
-----END SSH HOST KEY KEYS-----
[   69.648574] cloud-init[1295]: Cloud-init v. 0.7.9 running 'modules:final' at Mon, 21 Aug 2017 00:26:18 +0000. Up 67.12 seconds.
[   69.649285] cloud-init[1295]: ci-info: no authorized ssh keys fingerprints found for user ubuntu.
[   69.649913] cloud-init[1295]: Cloud-init v. 0.7.9 finished at Mon, 21 Aug 2017 00:26:21 +0000. Datasource DataSourceNoCloud [seed=/dev/sdb][dsmode=net].  Up 69.62 seconds

Ubuntu 16.04.3 LTS ubuntu-xenial ttyS0

ubuntu-xenial login: 